{
    "arru16": "arru16",
    "arru32": "arru32",
    "arru8": "arru8",
    "bf16.b1": "bf16.b1",
    "bf16.b6": "bf16.b6",
    "bf16.b9": "bf16.b9",
    "bf32.b1": "bf32.b1",
    "bf32.res": "bf32.res",
    "bf8.b1": "bf8.b1",
    "bf8.b2": "bf8.b2",
    "bf8.res": "bf8.res",
    "bf8_extra.b1": "bf8_extra.b1",
    "bf8_extra.b2": "bf8_extra.b2",
    "bf8_extra.res": "bf8_extra.res",
    "i16": "i16",
    "i32": "i32",
    "i8": "i8",
    "stt.arr16": "stt.arr16",
    "stt.bf16.b1": "stt.bf16.b1",
    "stt.bf16.b6": "stt.bf16.b6",
    "stt.bf16.b9": "stt.bf16.b9",
    "stt.ui8": "stt.ui8",
    "ui16": "ui16",
    "ui32": "ui32",
    "ui8": "ui8",
    "ui8_extra": "ui8_extra"
}
